>>>> [1] rotate_left1 <<<<
Executing command 'open' ...
Executing command 'rotate_left' ...
Executing command 'save' ...
Images differ at pixel (250, 30)
255 255 255 vs 255 3 3
>>>> [2] rotate_left2 <<<<
Executing command 'open' ...
Executing command 'rotate_left' ...
Executing command 'rotate_left' ...
Executing command 'save' ...
Images differ at pixel (137, 1)
0 0 0 vs 255 255 255
>>>> [3] rotate_left3 <<<<
Executing command 'open' ...
Executing command 'rotate_left' ...
Executing command 'rotate_left' ...
Executing command 'rotate_left' ...
Executing command 'save' ...
Images differ at pixel (174, 6)
0 0 0 vs 255 255 0
>>>> [4] rotate_left_rotate_right1 <<<<
Executing command 'open' ...
Executing command 'rotate_left' ...
Executing command 'rotate_right' ...
terminate called after throwing an instance of 'std::out_of_range'
  what():  vector::_M_range_check: __n (which is 250) >= this->size() (which is 250)
>>>> [5] rotate_left_rotate_right2 <<<<
Executing command 'open' ...
Executing command 'rotate_left' ...
Executing command 'rotate_right' ...
Executing command 'rotate_right' ...
terminate called after throwing an instance of 'std::out_of_range'
  what():  vector::_M_range_check: __n (which is 690) >= this->size() (which is 690)
>>>> [6] rotate_right1 <<<<
Executing command 'open' ...
Executing command 'rotate_right' ...
Executing command 'save' ...
>>>> [7] rotate_right2 <<<<
Executing command 'open' ...
Executing command 'rotate_right' ...
Executing command 'rotate_right' ...
terminate called after throwing an instance of 'std::out_of_range'
  what():  vector::_M_range_check: __n (which is 444) >= this->size() (which is 444)
>>>> [8] rotate_right3 <<<<
Executing command 'open' ...
Executing command 'rotate_right' ...
Executing command 'rotate_right' ...
terminate called after throwing an instance of 'std::out_of_range'
  what():  vector::_M_range_check: __n (which is 772) >= this->size() (which is 772)
